============================================================
TEST: Batch Shortlisting with Debug Logging
============================================================

[1] Logging in as HR...
Login failed: 401 {"detail":"Invalid email or password"}
